{
  "schema_version": "independent-fixed96-calibration-readback/1",
  "contract_sha256": "ea88b0398cf3d60178056b4f5ab44b7da9ec8196c7a87a2fa2c07ba20d29d1c2",
  "receipt_sha256": "197abcfa4cb7f7f1c1c0e924f0899f1cb2e81d7382a66e9a0da5b18b46488bee",
  "sealed_manifest_sha256": "26f40568753bece5e26197fc696c371d728efbea3ed4ce111ab0c296bb371b51",
  "unbound_bytecode_cache_used": false,
  "all_bound_files_verified": 145,
  "output_files_verified": 96,
  "exposed_records": 96,
  "read_attempted_records": 96,
  "actually_read_records": 96,
  "projection_attempted_records": 96,
  "completed_records": 96,
  "replacement_records": 0,
  "source_maps_character_checked": true,
  "frozen_projection_and_preparse_replay_equal": true,
  "by_source": {
    "discussion": {
      "fixed_records": 32,
      "raw_codepoints": 14183,
      "projected_codepoints": 5597,
      "segments": 61,
      "zero_segment_records": 0,
      "record_quarantines": 0,
      "risk_gate_records": 0,
      "preparse_eligible_records": 0
    },
    "news_prose": {
      "fixed_records": 32,
      "raw_codepoints": 72768,
      "projected_codepoints": 1606,
      "segments": 14,
      "zero_segment_records": 25,
      "record_quarantines": 18,
      "risk_gate_records": 0,
      "preparse_eligible_records": 0
    },
    "guide_prose": {
      "fixed_records": 32,
      "raw_codepoints": 57752,
      "projected_codepoints": 10907,
      "segments": 90,
      "zero_segment_records": 4,
      "record_quarantines": 1,
      "risk_gate_records": 0,
      "preparse_eligible_records": 1
    }
  },
  "barrier_reason_counts": {
    "discussion": {
      "personal_contact_or_structured_number": 44,
      "indented_code_or_list_continuation": 3,
      "unclosed_external_link": 1
    },
    "news_prose": {
      "headline_roundup_source": 14,
      "mismatched_quotation_scope_unresolved": 2,
      "third_party_voa_source": 3,
      "template": 48,
      "quotation_rights_unresolved": 4,
      "heading_list_or_quote": 42,
      "html_div": 40,
      "comment": 3,
      "signature_or_horizontal_rule": 5,
      "namespaced_or_interwiki_link": 52,
      "personal_contact_or_structured_number": 19,
      "table": 213,
      "unknown_html": 1,
      "nested_quotation_scope_unresolved": 2,
      "invalid_link": 7,
      "nested_or_unknown_link": 1,
      "unclosed_quotation_scope_unresolved": 1
    },
    "guide_prose": {
      "template": 1198,
      "heading_list_or_quote": 784,
      "personal_contact_or_structured_number": 62,
      "signature_or_horizontal_rule": 11,
      "entity_quotation_scope_unresolved": 1,
      "namespaced_or_interwiki_link": 2,
      "quotation_rights_unresolved": 10,
      "invalid_link": 19,
      "comment": 5,
      "unsupported_external_link": 1,
      "unknown_entity": 1,
      "html_bdi": 6,
      "table": 56
    }
  },
  "resources": {
    "caps": {
      "old_fingerprint_minimum_bytes": 566539146,
      "private_bytes": 1073741824,
      "rss_bytes": 3221225472,
      "wall_seconds": 5400
    },
    "cpu_seconds": 305.086614331,
    "elapsed_seconds": 305.19898843500414,
    "peak_rss_bytes": 23916544,
    "prior_stage_elapsed_seconds": 103.37449884899485,
    "private_bytes_including_old_fingerprints": 844352675
  },
  "actual_private_bytes_at_review": 844412069,
  "sandbox": {
    "child_execution_disabled": true,
    "gpu_disabled": true,
    "max_numeric_threads": 2,
    "network_disabled": "kernel_seccomp"
  },
  "NLP_calls": 0,
  "fit_calls": 0,
  "manual_role_review": "pending",
  "G2_approved": false
}
