test_comment_math_code_scopes (test_independent_adversaries.IndependentRoleCases.test_comment_math_code_scopes) ... ok
test_displaced_toml_frontmatter (test_independent_adversaries.IndependentRoleCases.test_displaced_toml_frontmatter) ... ok
test_encoded_fence_scope (test_independent_adversaries.IndependentRoleCases.test_encoded_fence_scope) ... ok
test_encoded_html_scope (test_independent_adversaries.IndependentRoleCases.test_encoded_html_scope) ... ok
test_encoded_math_scope (test_independent_adversaries.IndependentRoleCases.test_encoded_math_scope) ... ok
test_entity_quotes_across_blocks (test_independent_adversaries.IndependentRoleCases.test_entity_quotes_across_blocks) ... ok
test_escaped_ascii_quotes (test_independent_adversaries.IndependentRoleCases.test_escaped_ascii_quotes) ... ok
test_escaped_quotes_across_blocks (test_independent_adversaries.IndependentRoleCases.test_escaped_quotes_across_blocks) ... ok
test_explicit_caption_variants (test_independent_adversaries.IndependentRoleCases.test_explicit_caption_variants) ... ok
test_image_adjacent_plain_caption (test_independent_adversaries.IndependentRoleCases.test_image_adjacent_plain_caption) ... ok
test_image_inline_caption (test_independent_adversaries.IndependentRoleCases.test_image_inline_caption) ... ok
test_image_italic_caption (test_independent_adversaries.IndependentRoleCases.test_image_italic_caption) ... ok
test_literal_gaps_no_join (test_independent_adversaries.IndependentRoleCases.test_literal_gaps_no_join) ... ok
test_named_quote_entities (test_independent_adversaries.IndependentRoleCases.test_named_quote_entities) ... ok
test_nested_emphasis_entity_quote (test_independent_adversaries.IndependentRoleCases.test_nested_emphasis_entity_quote) ... ok
test_nested_multiline_quote (test_independent_adversaries.IndependentRoleCases.test_nested_multiline_quote) ... ok
test_nested_same_quote (test_independent_adversaries.IndependentRoleCases.test_nested_same_quote) ... ok
test_numeric_quote_entities (test_independent_adversaries.IndependentRoleCases.test_numeric_quote_entities) ... ok
test_standalone_bold_heading (test_independent_adversaries.IndependentRoleCases.test_standalone_bold_heading) ... ok
test_unicode_crlf_map (test_independent_adversaries.IndependentRoleCases.test_unicode_crlf_map) ... ok
test_unmatched_typographic_closer (test_independent_adversaries.IndependentRoleCases.test_unmatched_typographic_closer) ... ok
test_aggregate_counts (test_independent_adversaries.IndependentValidatorCases.test_aggregate_counts) ... ok
test_dependency_binding (test_independent_adversaries.IndependentValidatorCases.test_dependency_binding) ... ok
test_false_parser_claim (test_independent_adversaries.IndependentValidatorCases.test_false_parser_claim) ... ok
test_quarantined_status_with_segments (test_independent_adversaries.IndependentValidatorCases.test_quarantined_status_with_segments) ... ok
test_raw_byte_count (test_independent_adversaries.IndependentValidatorCases.test_raw_byte_count) ... ok
test_raw_character_count (test_independent_adversaries.IndependentValidatorCases.test_raw_character_count) ... ok
test_unknown_assistance (test_independent_adversaries.IndependentValidatorCases.test_unknown_assistance) ... ok
test_unknown_role_claim (test_independent_adversaries.IndependentValidatorCases.test_unknown_role_claim) ... ok

----------------------------------------------------------------------
Ran 29 tests in 0.044s

OK
